// Jest Snapshot v1, https://goo.gl/fbAQLP

exports[`<Message/> properly renders the component - snapshot 1`] = `
<DocumentFragment>
  <article
    class="Message__StyledMessageItem-uraoec-0 isHSvA"
    data-testid="message-item"
  >
    <header>
      <h3>
        <span>
          Molestias molestias
        </span>
        <span>
          🔒 
        </span>
      </h3>
      <div
        class="user"
      >
        <div
          class="user__image"
        >
          <div
            class="Avatar__AvatarStyled-fet300-0 Avatar___StyledAvatarStyled-fet300-1 eecPIG c-avatar"
          >
            <img
              alt="user undefined"
              src="https://i.pravatar.cc/70px?img=29"
            />
          </div>
        </div>
        <span
          class="user__name"
        />
      </div>
    </header>
    <section>
      <p>
        reiciendis asperiores tempore enim earum velit consequatur
      </p>
    </section>
    <footer>
      <p>
        Sunday, August 2, 2020, 1:02:01 PM
      </p>
      <a
        class="c-button--text"
        data-testid="thread-link"
        href="/messages/private/e0f17993-697b-4807-88b9-93e139396ddc"
      >
        SEE THREAD →
      </a>
    </footer>
  </article>
</DocumentFragment>
`;
